2026-05-06 20:51:25,792 - [MEMORY] - 保存 fact: user=1, role=lawyer, content=我是个老师...
2026-05-06 20:51:25,960 - [MEMORY] - 检索到 1 条记忆: user=1, role=lawyer, query=我是什么职业...
2026-05-06 20:51:36,447 - [MEMORY] - 保存 fact: user=1, role=lawyer, content=我是什么职业...
2026-05-06 21:14:07,591 - [MEMORY] - 检索到 2 条记忆: user=1, role=lawyer, query=捡到别人的失物怎么办？...
2026-05-06 21:14:41,670 - [MEMORY] - 保存 advice: user=1, role=lawyer, content=根据《中华人民共和国民法典_20200528.docx》第三百一十四条、第三百一十六条、第三百一十七...
2026-05-06 21:14:42,016 - [MEMORY] - 检索到 3 条记忆: user=1, role=lawyer, query=离婚需要什么条件？...
2026-05-06 21:14:56,761 - [MEMORY] - 检索到 3 条记忆: user=1, role=lawyer, query=我是个老师...
2026-05-06 21:15:10,143 - [MEMORY] - 保存 fact: user=1, role=lawyer, content=我是个老师...
2026-05-06 21:15:20,583 - [MEMORY] - 保存 advice: user=1, role=lawyer, content=知识库中未找到相关信息，建议咨询专业律师。

参考来源：《中华人民共和国民法典_20200528.d...
2026-05-06 21:15:20,935 - [MEMORY] - 检索到 3 条记忆: user=1, role=lawyer, query=我是什么职业...
2026-05-06 21:15:30,961 - [MEMORY] - 保存 fact: user=1, role=lawyer, content=我是什么职业...
2026-05-06 21:15:41,414 - [MEMORY] - 保存 advice: user=1, role=lawyer, content=知识库中未找到相关信息，建议咨询专业律师。

📚 参考来源：《中华人民共和国民法典_20200528...
2026-05-06 21:24:53,374 - [MEMORY] - 检索到 3 条记忆: user=1, role=lawyer, query=捡到别人的失物怎么办？...
2026-05-06 21:24:53,524 - [MEMORY] - 检索到 3 条记忆: user=1, role=lawyer, query=我的身份 我是什么 我是谁 我的职业 我的名字 外号...
2026-05-06 21:25:26,556 - [MEMORY] - 保存 advice: user=1, role=lawyer, content=根据《中华人民共和国民法典_20200528.docx》第三百一十四条、第三百一十六条、第三百一十七...
2026-05-06 21:25:26,790 - [MEMORY] - 检索到 3 条记忆: user=1, role=lawyer, query=离婚需要什么条件？...
2026-05-06 21:25:27,082 - [MEMORY] - 检索到 3 条记忆: user=1, role=lawyer, query=我的身份 我是什么 我是谁 我的职业 我的名字 外号...
2026-05-06 21:25:54,298 - [MEMORY] - 检索到 3 条记忆: user=1, role=lawyer, query=我是个老师...
2026-05-06 21:25:54,492 - [MEMORY] - 检索到 3 条记忆: user=1, role=lawyer, query=我的身份 我是什么 我是谁 我的职业 我的名字 外号...
2026-05-06 21:26:22,422 - [MEMORY] - 保存 fact: user=1, role=lawyer, content=我是个老师...
2026-05-06 21:26:32,877 - [MEMORY] - 保存 advice: user=1, role=lawyer, content=知识库中未找到相关信息，建议咨询专业律师。

参考来源：《中华人民共和国民法典_20200528.d...
2026-05-06 21:26:33,211 - [MEMORY] - 检索到 3 条记忆: user=1, role=lawyer, query=我是什么职业...
2026-05-06 21:26:33,485 - [MEMORY] - 检索到 3 条记忆: user=1, role=lawyer, query=我的身份 我是什么 我是谁 我的职业 我的名字 外号...
2026-05-06 21:26:57,281 - [MEMORY] - 保存 fact: user=1, role=lawyer, content=我是什么职业...
2026-05-06 21:27:07,963 - [MEMORY] - 保存 advice: user=1, role=lawyer, content=抱歉，知识库中未找到相关信息，建议咨询专业律师。...
2026-05-06 21:35:29,767 - [MEMORY] - 检索到 3 条记忆: user=1, role=lawyer, query=捡到别人的失物怎么办？...
2026-05-06 21:35:29,984 - [MEMORY] - 检索到 3 条记忆: user=1, role=lawyer, query=我的身份 我是什么 我是谁 我的职业 我的名字 外号...
2026-05-06 21:35:55,162 - [MEMORY] - 保存 advice: user=1, role=lawyer, content=根据《中华人民共和国民法典_20200528.docx》第三百一十四条、第三百一十六条和第三百一十七...
2026-05-06 21:35:55,457 - [MEMORY] - 检索到 3 条记忆: user=1, role=lawyer, query=离婚需要什么条件？...
2026-05-06 21:35:55,697 - [MEMORY] - 检索到 3 条记忆: user=1, role=lawyer, query=我的身份 我是什么 我是谁 我的职业 我的名字 外号...
2026-05-06 21:36:23,592 - [MEMORY] - 检索到 3 条记忆: user=1, role=lawyer, query=我是个老师...
2026-05-06 21:36:23,829 - [MEMORY] - 检索到 3 条记忆: user=1, role=lawyer, query=我的身份 我是什么 我是谁 我的职业 我的名字 外号...
2026-05-06 21:36:47,394 - [MEMORY] - 保存 fact: user=1, role=lawyer, content=我是个老师...
2026-05-06 21:36:58,346 - [MEMORY] - 保存 advice: user=1, role=lawyer, content=抱歉，知识库中未找到相关信息，建议咨询专业律师。...
2026-05-06 21:36:58,689 - [MEMORY] - 检索到 3 条记忆: user=1, role=lawyer, query=我是什么职业...
2026-05-06 21:36:58,882 - [MEMORY] - 检索到 3 条记忆: user=1, role=lawyer, query=我的身份 我是什么 我是谁 我的职业 我的名字 外号...
2026-05-06 21:37:14,181 - [MEMORY] - 保存 fact: user=1, role=lawyer, content=我是什么职业...
2026-05-06 21:37:24,640 - [MEMORY] - 保存 advice: user=1, role=lawyer, content=抱歉，知识库中未找到相关信息，建议咨询专业律师。  
参考来源：无...
2026-05-06 21:39:49,490 - [MEMORY] - 保存 fact: user=2, role=lawyer, content=我是王老师，外号帅哥...
2026-05-06 21:40:00,215 - [MEMORY] - 保存 advice: user=2, role=lawyer, content=抱歉，您的问题似乎不完整或未明确表述，请提供更多细节以便我更好地帮助您。如果需要法律咨询，请建议咨询...
2026-05-06 21:40:25,724 - [MEMORY] - 检索到 2 条记忆: user=2, role=lawyer, query=我是什么职业，外号是什么...
2026-05-06 21:40:25,958 - [MEMORY] - 检索到 2 条记忆: user=2, role=lawyer, query=我的身份 我是什么 我是谁 我的职业 我的名字...
2026-05-06 21:40:46,043 - [MEMORY] - 保存 fact: user=2, role=lawyer, content=我是什么职业，外号是什么...
2026-05-06 21:53:05,634 - [MEMORY] - 检索到 3 条记忆: user=2, role=lawyer, query=欠款不还，怎么办...
2026-05-06 21:53:05,895 - [MEMORY] - 检索到 2 条记忆: user=2, role=lawyer, query=我的身份 我是什么 我是谁 我的职业 我的名字...
2026-05-06 21:53:42,785 - [MEMORY] - 保存 advice: user=2, role=lawyer, content=根据法律规定，如果债权人尝试催促债务人履行债务但无效，债权人可以采取以下措施：

1. **协商解决...
2026-05-06 21:53:55,622 - [MEMORY] - 检索到 3 条记忆: user=2, role=lawyer, query=离婚...
2026-05-06 21:53:55,885 - [MEMORY] - 检索到 2 条记忆: user=2, role=lawyer, query=我的身份 我是什么 我是谁 我的职业 我的名字...
2026-05-06 21:54:37,515 - [MEMORY] - 保存 advice: user=2, role=lawyer, content=根据《中华人民共和国民法典》的相关规定，关于离婚的问题，以下是关键点：

1. **离婚登记**：夫...
2026-05-06 21:55:59,261 - [MEMORY] - 检索到 3 条记忆: user=2, role=lawyer, query=我是个老师，外号：帅哥...
2026-05-06 21:55:59,421 - [MEMORY] - 检索到 2 条记忆: user=2, role=lawyer, query=我的身份 我是什么 我是谁 我的职业 我的名字...
2026-05-06 21:56:24,361 - [MEMORY] - 保存 fact: user=2, role=lawyer, content=我是个老师，外号：帅哥...
2026-05-06 21:56:38,972 - [MEMORY] - 检索到 3 条记忆: user=2, role=lawyer, query=我是什么职业，外号是什么...
2026-05-06 21:56:39,202 - [MEMORY] - 检索到 2 条记忆: user=2, role=lawyer, query=我的身份 我是什么 我是谁 我的职业 我的名字...
2026-05-06 21:56:57,981 - [MEMORY] - 保存 fact: user=2, role=lawyer, content=我是什么职业，外号是什么...
2026-05-06 22:03:21,301 - [MEMORY] - 检索到 3 条记忆: user=2, role=lawyer, query=未成年人...
2026-05-06 22:03:21,498 - [MEMORY] - 检索到 2 条记忆: user=2, role=lawyer, query=我的身份 我是什么 我是谁 我的职业 我的名字...
2026-05-06 22:03:50,368 - [MEMORY] - 保存 advice: user=2, role=lawyer, content=根据《中华人民共和国民法典》第1098条的规定，收养人应当满足以下条件：（一）无子女或者只有一名子女...
2026-05-06 22:08:32,164 - [MEMORY] - 检索到 3 条记忆: user=2, role=lawyer, query=打架的后果...
2026-05-06 22:08:32,395 - [MEMORY] - 检索到 3 条记忆: user=2, role=lawyer, query=我的身份 我是什么 我是谁 我的职业 我的名字...
2026-05-07 08:18:19,433 - [MEMORY] - 检索到 3 条记忆: user=2, role=lawyer, query=欠款可以如何讨回...
2026-05-07 08:18:19,700 - [MEMORY] - 检索到 3 条记忆: user=2, role=lawyer, query=我的身份 我是什么 我是谁 我的职业 我的名字...
2026-05-29 11:32:52,440 - [MEMORY] - 保存 identity: user=1, role=lawyer, content=我是个老师...
2026-05-29 11:32:52,619 - [MEMORY] - 检索到 1 条记忆: user=1, role=lawyer, query=我是什么职业...
2026-05-29 11:32:52,720 - [MEMORY] - 检索到 1 条记忆: user=1, role=lawyer, query=我的身份 我是什么 我是谁 我的职业 我的名字 外号...
2026-05-29 11:33:00,689 - [MEMORY] - 保存 identity: user=1, role=lawyer, content=我是什么职业...
